{
    "ID": 5,
    "CreatedAt": "2023-01-01T10:00:00+01:00",
    "UpdatedAt": "2023-01-01T10:00:00+01:00",
    "DeletedAt": null,
    "Holds": [
        {
            "ID": 9,
            "CreatedAt": "2023-01-01T10:00:00+01:00",
            "UpdatedAt": "2023-01-01T10:00:00+01:00",
            "DeletedAt": null,
            "X": 300,
            "Y": 250.43,
            "Size": 0,
            "WallID": 5,
            "Shape": "Circle",
            "Angle": 0
        },
        {
            "ID": 11,
            "CreatedAt": "2023-01-01T10:00:00+01:00",
            "UpdatedAt": "2023-01-01T10:00:00+01:00",
            "DeletedAt": null,
            "X": 777.03,
            "Y": 36.43,
            "Size": 0,
            "WallID": 5,
            "Shape": "circle",
            "Angle": 0
        }
    ],
    "ImageUrl": "abcde",
    "ImagePreviewUrl": "fghij"
}